

================================================================
== Vivado HLS Report for 'dense_large_stream_me_ap_fixed_ap_fixed_config46_s'
================================================================
* Date:           Wed Jun 15 23:31:02 2022

* Version:        2019.2.1 (Build 2724168 on Thu Dec 05 05:19:09 MST 2019)
* Project:        myproject_prj
* Solution:       solution1
* Product family: zynq
* Target device:  xc7z020-clg400-1


================================================================
== Performance Estimates
================================================================
+ Timing: 
    * Summary: 
    +--------+---------+----------+------------+
    |  Clock |  Target | Estimated| Uncertainty|
    +--------+---------+----------+------------+
    |ap_clk  | 5.00 ns | 4.974 ns |   0.62 ns  |
    +--------+---------+----------+------------+

+ Latency: 
    * Summary: 
    +---------+---------+----------+----------+-----+-----+---------+
    |  Latency (cycles) |  Latency (absolute) |  Interval | Pipeline|
    |   min   |   max   |    min   |    max   | min | max |   Type  |
    +---------+---------+----------+----------+-----+-----+---------+
    |      288|      289| 1.440 us | 1.445 us |  288|  289|   none  |
    +---------+---------+----------+----------+-----+-----+---------+

    + Detail: 
        * Instance: 
        +----------------------------------------------------------------+------------------------------------------------------+---------+---------+----------+----------+-----+-----+---------+
        |                                                                |                                                      |  Latency (cycles) |  Latency (absolute) |  Interval | Pipeline|
        |                            Instance                            |                        Module                        |   min   |   max   |    min   |    max   | min | max |   Type  |
        +----------------------------------------------------------------+------------------------------------------------------+---------+---------+----------+----------+-----+-----+---------+
        |grp_dense_large_ap_fixed_ap_fixed_32_16_5_3_0_config46_s_fu_35  |dense_large_ap_fixed_ap_fixed_32_16_5_3_0_config46_s  |      255|      256| 1.275 us | 1.280 us |  255|  256|   none  |
        +----------------------------------------------------------------+------------------------------------------------------+---------+---------+----------+----------+-----+-----+---------+

        * Loop: 
        N/A



================================================================
== Utilization Estimates
================================================================
* Summary: 
+-----------------+---------+-------+--------+-------+-----+
|       Name      | BRAM_18K| DSP48E|   FF   |  LUT  | URAM|
+-----------------+---------+-------+--------+-------+-----+
|DSP              |        -|      -|       -|      -|    -|
|Expression       |        -|      -|       0|      4|    -|
|FIFO             |        -|      -|       -|      -|    -|
|Instance         |        -|      -|    3082|   2019|    -|
|Memory           |        -|      -|       -|      -|    -|
|Multiplexer      |        -|      -|       -|    342|    -|
|Register         |        -|      -|    1061|      -|    -|
+-----------------+---------+-------+--------+-------+-----+
|Total            |        0|      0|    4143|   2365|    0|
+-----------------+---------+-------+--------+-------+-----+
|Available        |      280|    220|  106400|  53200|    0|
+-----------------+---------+-------+--------+-------+-----+
|Utilization (%)  |        0|      0|       3|      4|    0|
+-----------------+---------+-------+--------+-------+-----+

+ Detail: 
    * Instance: 
    +----------------------------------------------------------------+------------------------------------------------------+---------+-------+------+------+-----+
    |                            Instance                            |                        Module                        | BRAM_18K| DSP48E|  FF  |  LUT | URAM|
    +----------------------------------------------------------------+------------------------------------------------------+---------+-------+------+------+-----+
    |grp_dense_large_ap_fixed_ap_fixed_32_16_5_3_0_config46_s_fu_35  |dense_large_ap_fixed_ap_fixed_32_16_5_3_0_config46_s  |        0|      0|  3082|  2019|    0|
    +----------------------------------------------------------------+------------------------------------------------------+---------+-------+------+------+-----+
    |Total                                                           |                                                      |        0|      0|  3082|  2019|    0|
    +----------------------------------------------------------------+------------------------------------------------------+---------+-------+------+------+-----+

    * DSP48E: 
    N/A

    * Memory: 
    N/A

    * FIFO: 
    N/A

    * Expression: 
    +------------------+----------+-------+---+----+------------+------------+
    |   Variable Name  | Operation| DSP48E| FF| LUT| Bitwidth P0| Bitwidth P1|
    +------------------+----------+-------+---+----+------------+------------+
    |ap_block_state1   |    or    |      0|  0|   2|           1|           1|
    |ap_block_state27  |    or    |      0|  0|   2|           1|           1|
    +------------------+----------+-------+---+----+------------+------------+
    |Total             |          |      0|  0|   4|           2|           2|
    +------------------+----------+-------+---+----+------------+------------+

    * Multiplexer: 
    +----------------+-----+-----------+-----+-----------+
    |      Name      | LUT | Input Size| Bits| Total Bits|
    +----------------+-----+-----------+-----+-----------+
    |ap_NS_fsm       |  157|         35|    1|         35|
    |ap_done         |    9|          2|    1|          2|
    |data_V_V_blk_n  |    9|          2|    1|          2|
    |real_start      |    9|          2|    1|          2|
    |res_V_V_blk_n   |    9|          2|    1|          2|
    |res_V_V_din     |  149|         33|   32|       1056|
    +----------------+-----+-----------+-----+-----------+
    |Total           |  342|         76|   37|       1099|
    +----------------+-----+-----------+-----+-----------+

    * Register: 
    +-----------------------------------------------------------------------------+----+----+-----+-----------+
    |                                     Name                                    | FF | LUT| Bits| Const Bits|
    +-----------------------------------------------------------------------------+----+----+-----+-----------+
    |ap_CS_fsm                                                                    |  34|   0|   34|          0|
    |ap_done_reg                                                                  |   1|   0|    1|          0|
    |grp_dense_large_ap_fixed_ap_fixed_32_16_5_3_0_config46_s_fu_35_ap_start_reg  |   1|   0|    1|          0|
    |start_once_reg                                                               |   1|   0|    1|          0|
    |tmp_V_32_reg_172                                                             |  32|   0|   32|          0|
    |tmp_V_33_reg_177                                                             |  32|   0|   32|          0|
    |tmp_V_34_reg_182                                                             |  32|   0|   32|          0|
    |tmp_V_35_reg_187                                                             |  32|   0|   32|          0|
    |tmp_V_36_reg_192                                                             |  32|   0|   32|          0|
    |tmp_V_37_reg_197                                                             |  32|   0|   32|          0|
    |tmp_V_38_reg_202                                                             |  32|   0|   32|          0|
    |tmp_V_39_reg_207                                                             |  32|   0|   32|          0|
    |tmp_V_40_reg_212                                                             |  32|   0|   32|          0|
    |tmp_V_41_reg_217                                                             |  32|   0|   32|          0|
    |tmp_V_42_reg_222                                                             |  32|   0|   32|          0|
    |tmp_V_43_reg_227                                                             |  32|   0|   32|          0|
    |tmp_V_44_reg_232                                                             |  32|   0|   32|          0|
    |tmp_V_45_reg_237                                                             |  32|   0|   32|          0|
    |tmp_V_46_reg_242                                                             |  32|   0|   32|          0|
    |tmp_V_47_reg_247                                                             |  32|   0|   32|          0|
    |tmp_V_48_reg_252                                                             |  32|   0|   32|          0|
    |tmp_V_49_reg_257                                                             |  32|   0|   32|          0|
    |tmp_V_50_reg_262                                                             |  32|   0|   32|          0|
    |tmp_V_51_reg_267                                                             |  32|   0|   32|          0|
    |tmp_V_52_reg_272                                                             |  32|   0|   32|          0|
    |tmp_V_53_reg_277                                                             |  32|   0|   32|          0|
    |tmp_V_54_reg_282                                                             |  32|   0|   32|          0|
    |tmp_V_55_reg_287                                                             |  32|   0|   32|          0|
    |tmp_V_56_reg_292                                                             |  32|   0|   32|          0|
    |tmp_V_57_reg_297                                                             |  32|   0|   32|          0|
    |tmp_V_58_reg_302                                                             |  32|   0|   32|          0|
    |tmp_V_59_reg_307                                                             |  32|   0|   32|          0|
    |tmp_V_60_reg_312                                                             |  32|   0|   32|          0|
    |tmp_V_61_reg_317                                                             |  32|   0|   32|          0|
    |tmp_V_62_reg_322                                                             |  32|   0|   32|          0|
    |tmp_V_reg_167                                                                |  32|   0|   32|          0|
    +-----------------------------------------------------------------------------+----+----+-----+-----------+
    |Total                                                                        |1061|   0| 1061|          0|
    +-----------------------------------------------------------------------------+----+----+-----+-----------+



================================================================
== Interface
================================================================
* Summary: 
+------------------+-----+-----+------------+---------------------------------------------------+--------------+
|     RTL Ports    | Dir | Bits|  Protocol  |                   Source Object                   |    C Type    |
+------------------+-----+-----+------------+---------------------------------------------------+--------------+
|ap_clk            |  in |    1| ap_ctrl_hs | dense_large_stream_me<ap_fixed,ap_fixed,config46> | return value |
|ap_rst            |  in |    1| ap_ctrl_hs | dense_large_stream_me<ap_fixed,ap_fixed,config46> | return value |
|ap_start          |  in |    1| ap_ctrl_hs | dense_large_stream_me<ap_fixed,ap_fixed,config46> | return value |
|start_full_n      |  in |    1| ap_ctrl_hs | dense_large_stream_me<ap_fixed,ap_fixed,config46> | return value |
|ap_done           | out |    1| ap_ctrl_hs | dense_large_stream_me<ap_fixed,ap_fixed,config46> | return value |
|ap_continue       |  in |    1| ap_ctrl_hs | dense_large_stream_me<ap_fixed,ap_fixed,config46> | return value |
|ap_idle           | out |    1| ap_ctrl_hs | dense_large_stream_me<ap_fixed,ap_fixed,config46> | return value |
|ap_ready          | out |    1| ap_ctrl_hs | dense_large_stream_me<ap_fixed,ap_fixed,config46> | return value |
|start_out         | out |    1| ap_ctrl_hs | dense_large_stream_me<ap_fixed,ap_fixed,config46> | return value |
|start_write       | out |    1| ap_ctrl_hs | dense_large_stream_me<ap_fixed,ap_fixed,config46> | return value |
|data_V_V_dout     |  in |   32|   ap_fifo  |                      data_V_V                     |    pointer   |
|data_V_V_empty_n  |  in |    1|   ap_fifo  |                      data_V_V                     |    pointer   |
|data_V_V_read     | out |    1|   ap_fifo  |                      data_V_V                     |    pointer   |
|res_V_V_din       | out |   32|   ap_fifo  |                      res_V_V                      |    pointer   |
|res_V_V_full_n    |  in |    1|   ap_fifo  |                      res_V_V                      |    pointer   |
|res_V_V_write     | out |    1|   ap_fifo  |                      res_V_V                      |    pointer   |
+------------------+-----+-----+------------+---------------------------------------------------+--------------+

